Large-cap workbook truth audit — 30 tickers (seed 20260612)
VRTX, SBUX, MSFT, DE, V, LOW, AMGN, ACN, REGN, TGT, ADI, ADBE, META, PFE, HON, GD, TXN, GOOGL, PGR, MS, AMD, HD, T, LMT, NKE, ABBV, SLB, BA, LLY, PM

[1/30] VRTX ...
  saved=30 skip=0 fail=0 compileOk=true issues=0 (131s)

[2/30] SBUX ...
  saved=30 skip=0 fail=0 compileOk=true issues=0 (147s)

[3/30] MSFT ...
  saved=30 skip=0 fail=0 compileOk=true issues=0 (1156s)

[4/30] DE ...
  saved=30 skip=0 fail=0 compileOk=true issues=0 (1154s)

[5/30] V ...
  saved=30 skip=0 fail=0 compileOk=true issues=0 (83s)

[6/30] LOW ...
  saved=30 skip=0 fail=0 compileOk=true issues=0 (180s)

[7/30] AMGN ...
  saved=30 skip=0 fail=0 compileOk=true issues=0 (95s)

[8/30] ACN ...
  saved=29 skip=0 fail=0 compileOk=true issues=0 (129s)

[9/30] REGN ...
  saved=30 skip=0 fail=0 compileOk=true issues=0 (77s)

[10/30] TGT ...
  saved=30 skip=0 fail=0 compileOk=true issues=0 (97s)

[11/30] ADI ...
  saved=30 skip=0 fail=0 compileOk=true issues=0 (73s)

[12/30] ADBE ...
  saved=30 skip=0 fail=0 compileOk=true issues=0 (74s)

[13/30] META ...
  saved=30 skip=0 fail=0 compileOk=true issues=0 (81s)

[14/30] PFE ...
  saved=30 skip=0 fail=0 compileOk=true issues=0 (115s)

[15/30] HON ...
  saved=30 skip=0 fail=0 compileOk=true issues=0 (164s)

[16/30] GD ...
  saved=30 skip=0 fail=0 compileOk=true issues=0 (75s)

[17/30] TXN ...
  saved=30 skip=0 fail=0 compileOk=true issues=0 (69s)

[18/30] GOOGL ...
  saved=30 skip=0 fail=0 compileOk=true issues=0 (109s)

[19/30] PGR ...
  saved=30 skip=0 fail=0 compileOk=true issues=0 (114s)

[20/30] MS ...
  saved=30 skip=0 fail=0 compileOk=true issues=0 (259s)

[21/30] AMD ...
  saved=30 skip=0 fail=0 compileOk=true issues=0 (60s)

[22/30] HD ...
  saved=30 skip=0 fail=0 compileOk=true issues=0 (80s)

[23/30] T ...
  saved=30 skip=0 fail=0 compileOk=true issues=0 (363s)

[24/30] LMT ...
  saved=30 skip=0 fail=0 compileOk=true issues=0 (87s)

[25/30] NKE ...
  saved=30 skip=0 fail=0 compileOk=true issues=0 (159s)

[26/30] ABBV ...
  saved=30 skip=0 fail=0 compileOk=true issues=0 (109s)

[27/30] SLB ...
  saved=30 skip=0 fail=0 compileOk=true issues=0 (492s)

[28/30] BA ...
  saved=30 skip=0 fail=0 compileOk=false issues=0 (105s)

[29/30] LLY ...
  saved=30 skip=0 fail=0 compileOk=true issues=0 (84s)

[30/30] PM ...
  saved=30 skip=0 fail=0 compileOk=true issues=0 (100s)

Large-cap workbook truth audit — 30 tickers (seed 20260612)
Strict check: reported IS/BS/CF cells + lines vs period-primary workbooks (derived quarters excluded).
Clean (exact match): 29
With mismatches: 0
Failed pipeline: 1

Issues by type:

Issues by statement:

── All mismatches ──

── Pipeline failures (no compile / no issues parsed) ──
  BA: :   'Cash Flow': no header row
2026-06-12 10:53:43,497 [INFO] workbook_loader: Loaded 30 workbooks
2026-06-12 10:53:43,497 [INFO] xbrl_compiler: Loaded 30 workbooks, 0 statement sheets, 0 facts
2026-06-12 10:53:43,497 [ERROR] xbrl_compiler: Pipeline failed: No facts extracted from saved workbooks. Each file needs sheets named Income Statement / Balance Sheet / Cash Flow with Concept + period columns (1Q25, FY25, or SEC date headers). Re-run Step 1 bulk save after deploying the latest build.
 (saved=30)
